<html>
<body>
<pre>
<h1>µVision Build Log</h1>
<h2>Tool Versions:</h2>
IDE-Version: µVision V5.30.0.0
Copyright (C) 2020 ARM Ltd and ARM Germany GmbH. All rights reserved.
License Information: Tin Chuong, RMIT, LIC=----
 
Tool Versions:
Toolchain:       MDK-Lite  Version: 5.30.0.0
Toolchain Path:  C:\Keil_v5\ARM\ARMCLANG\Bin
C Compiler:      ArmClang.exe V6.14
Assembler:       Armasm.exe V6.14
Linker/Locator:  ArmLink.exe V6.14
Library Manager: ArmAr.exe V6.14
Hex Converter:   FromElf.exe V6.14
CPU DLL:         SARMCM3.DLL V5.30.0.0
Dialog DLL:      DARMCM1.DLL V1.19.3.0
Target DLL:      NULink\Nu_Link.dll V3.02
Dialog DLL:      TARMCM1.DLL V1.14.2.0
 
<h2>Project:</h2>
C:\Users\ADMIN\Desktop\Embedded2\final\exercise3\exercise3.uvprojx
Project File Date:  09/16/2022

<h2>Output:</h2>
*** Using Compiler 'V6.14', folder: 'C:\Keil_v5\ARM\ARMCLANG\Bin'
Build target 'Target 1'
main.c(3): warning: In file included from...
C:/Keil_v5/Library/NUC100Series/Include\NUC100Series.h(150): warning: In file included from...
C:/Keil_v5/Library/CMSIS/Include\core_cm0.h(116): warning: In file included from...
C:/Keil_v5/Library/CMSIS/Include\core_cmInstr.h(406): warning: implicit conversion changes signedness: 'uint32_t' (aka 'unsigned int') to 'int32_t' (aka 'int') [-Wsign-conversion]
  return(result);
  ~~~~~~ ^~~~~~
main.c(3): warning: In file included from...
C:/Keil_v5/Library/NUC100Series/Include\NUC100Series.h(150): warning: In file included from...
C:/Keil_v5/Library/CMSIS/Include\core_cm0.h(574): warning: implicit conversion changes signedness: 'int' to 'unsigned int' [-Wsign-conversion]
    SCB->SHP[_SHP_IDX(IRQn)] = (SCB->SHP[_SHP_IDX(IRQn)] & ~(0xFF << _BIT_SHIFT(IRQn))) |
                                                         ~ ^~~~~~~~~~~~~~~~~~~~~~~~~~~
C:/Keil_v5/Library/CMSIS/Include\core_cm0.h(577): warning: implicit conversion changes signedness: 'int' to 'unsigned int' [-Wsign-conversion]
    NVIC->IP[_IP_IDX(IRQn)] = (NVIC->IP[_IP_IDX(IRQn)] & ~(0xFF << _BIT_SHIFT(IRQn))) |
                                                       ~ ^~~~~~~~~~~~~~~~~~~~~~~~~~~
C:/Keil_v5/Library/CMSIS/Include\core_cm0.h(608): warning: function 'NVIC_SystemReset' could be declared with attribute 'noreturn' [-Wmissing-noreturn]
{
^
main.c(3): warning: In file included from...
C:/Keil_v5/Library/NUC100Series/Include\NUC100Series.h(11321): warning: anonymous unions are a C11 extension [-Wc11-extensions]
    union
    ^
C:/Keil_v5/Library/NUC100Series/Include\NUC100Series.h(13605): warning: non-portable path to file '"sys.h"'; specified path differs in case from file name on disk [-Wnonportable-include-path]
#include "SYS.h"
         ^~~~~~~
         "sys.h"
C:/Keil_v5/Library/NUC100Series/Include\NUC100Series.h(13606): warning: non-portable path to file '"adc.h"'; specified path differs in case from file name on disk [-Wnonportable-include-path]
#include "ADC.h"
         ^~~~~~~
         "adc.h"
C:/Keil_v5/Library/NUC100Series/Include\NUC100Series.h(13607): warning: non-portable path to file '"fmc.h"'; specified path differs in case from file name on disk [-Wnonportable-include-path]
#include "FMC.h"
         ^~~~~~~
         "fmc.h"
main.c(3): warning: In file included from...
C:/Keil_v5/Library/NUC100Series/Include\NUC100Series.h(13607): warning: In file included from...
C:/Keil_v5/Library/StdDriver/Include\FMC.h(314): warning: implicit conversion changes signedness: 'int' to 'uint32_t' (aka 'unsigned int') [-Wsign-conversion]
    FMC->ISPADR = (u8index << 2);      /* Set UID Address. It must be word alignment. */
                ~  ~~~~~~~~^~~~
main.c(3): warning: In file included from...
C:/Keil_v5/Library/NUC100Series/Include\NUC100Series.h(13608): warning: non-portable path to file '"gpio.h"'; specified path differs in case from file name on disk [-Wnonportable-include-path]
#include "GPIO.h"
         ^~~~~~~~
         "gpio.h"
C:/Keil_v5/Library/NUC100Series/Include\NUC100Series.h(13609): warning: non-portable path to file '"i2c.h"'; specified path differs in case from file name on disk [-Wnonportable-include-path]
#include "I2C.h"
         ^~~~~~~
         "i2c.h"
C:/Keil_v5/Library/NUC100Series/Include\NUC100Series.h(13610): warning: non-portable path to file '"pwm.h"'; specified path differs in case from file name on disk [-Wnonportable-include-path]
#include "PWM.h"
         ^~~~~~~
         "pwm.h"
C:/Keil_v5/Library/NUC100Series/Include\NUC100Series.h(13611): warning: non-portable path to file '"spi.h"'; specified path differs in case from file name on disk [-Wnonportable-include-path]
#include "SPI.h"
         ^~~~~~~
         "spi.h"
C:/Keil_v5/Library/NUC100Series/Include\NUC100Series.h(13612): warning: non-portable path to file '"crc.h"'; specified path differs in case from file name on disk [-Wnonportable-include-path]
#include "CRC.h"
         ^~~~~~~
         "crc.h"
C:/Keil_v5/Library/NUC100Series/Include\NUC100Series.h(13613): warning: non-portable path to file '"timer.h"'; specified path differs in case from file name on disk [-Wnonportable-include-path]
#include "TIMER.h"
         ^~~~~~~~~
         "timer.h"
C:/Keil_v5/Library/NUC100Series/Include\NUC100Series.h(13614): warning: non-portable path to file '"wdt.h"'; specified path differs in case from file name on disk [-Wnonportable-include-path]
#include "WDT.h"
         ^~~~~~~
         "wdt.h"
C:/Keil_v5/Library/NUC100Series/Include\NUC100Series.h(13615): warning: non-portable path to file '"wwdt.h"'; specified path differs in case from file name on disk [-Wnonportable-include-path]
#include "WWDT.h"
         ^~~~~~~~
         "wwdt.h"
C:/Keil_v5/Library/NUC100Series/Include\NUC100Series.h(13616): warning: non-portable path to file '"rtc.h"'; specified path differs in case from file name on disk [-Wnonportable-include-path]
#include "RTC.h"
         ^~~~~~~
         "rtc.h"
C:/Keil_v5/Library/NUC100Series/Include\NUC100Series.h(13617): warning: non-portable path to file '"uart.h"'; specified path differs in case from file name on disk [-Wnonportable-include-path]
#include "UART.h"
         ^~~~~~~~
         "uart.h"
C:/Keil_v5/Library/NUC100Series/Include\NUC100Series.h(13618): warning: non-portable path to file '"i2s.h"'; specified path differs in case from file name on disk [-Wnonportable-include-path]
#include "I2S.h"
         ^~~~~~~
         "i2s.h"
C:/Keil_v5/Library/NUC100Series/Include\NUC100Series.h(13619): warning: non-portable path to file '"can.h"'; specified path differs in case from file name on disk [-Wnonportable-include-path]
#include "CAN.h"
         ^~~~~~~
         "can.h"
C:/Keil_v5/Library/NUC100Series/Include\NUC100Series.h(13620): warning: non-portable path to file '"usbd.h"'; specified path differs in case from file name on disk [-Wnonportable-include-path]
#include "USBD.h"
         ^~~~~~~~
         "usbd.h"
main.c(3): warning: In file included from...
C:/Keil_v5/Library/NUC100Series/Include\NUC100Series.h(13620): warning: In file included from...
C:/Keil_v5/Library/StdDriver/Include\USBD.h(638): warning: variable 'u32CfgAddr' may be uninitialized when used here [-Wconditional-uninitialized]
    return ((*((__IO uint32_t *)(u32CfgAddr))) & USBD_CFGP_SSTALL);
                                 ^~~~~~~~~~
C:/Keil_v5/Library/StdDriver/Include\USBD.h(622): note: initialize the variable 'u32CfgAddr' to silence this warning
    uint32_t u32CfgAddr;
                       ^
                        = 0
main.c(3): warning: In file included from...
C:/Keil_v5/Library/NUC100Series/Include\NUC100Series.h(13621): warning: non-portable path to file '"pdma.h"'; specified path differs in case from file name on disk [-Wnonportable-include-path]
#include "PDMA.h"
         ^~~~~~~~
         "pdma.h"
C:/Keil_v5/Library/NUC100Series/Include\NUC100Series.h(13622): warning: non-portable path to file '"sc.h"'; specified path differs in case from file name on disk [-Wnonportable-include-path]
#include "SC.h"
         ^~~~~~
         "sc.h"
C:/Keil_v5/Library/NUC100Series/Include\NUC100Series.h(13623): warning: non-portable path to file '"ps2.h"'; specified path differs in case from file name on disk [-Wnonportable-include-path]
#include "PS2.h"
         ^~~~~~~
         "ps2.h"
C:/Keil_v5/Library/NUC100Series/Include\NUC100Series.h(13624): warning: non-portable path to file '"clk.h"'; specified path differs in case from file name on disk [-Wnonportable-include-path]
#include "CLK.h"
         ^~~~~~~
         "clk.h"
C:/Keil_v5/Library/NUC100Series/Include\NUC100Series.h(13625): warning: non-portable path to file '"acmp.h"'; specified path differs in case from file name on disk [-Wnonportable-include-path]
#include "ACMP.h"
         ^~~~~~~~
         "acmp.h"
main.c(70): warning: no previous extern declaration for non-static variable 'index' [-Wmissing-variable-declarations]
volatile        int  index = 0, row =0; // to access map (2D array)
                     ^
main.c(70): note: declare 'static' if the variable is not intended to be used outside of this translation unit
volatile        int  index = 0, row =0; // to access map (2D array)
                ^
main.c(70): warning: no previous extern declaration for non-static variable 'row' [-Wmissing-variable-declarations]
volatile        int  index = 0, row =0; // to access map (2D array)
                                ^
main.c(70): note: declare 'static' if the variable is not intended to be used outside of this translation unit
volatile        int  index = 0, row =0; // to access map (2D array)
                ^
main.c(71): warning: no previous extern declaration for non-static variable 'finish_load_map' [-Wmissing-variable-declarations]
volatile        int  finish_load_map = 0; // raise if map successfully loaded
                     ^
main.c(71): note: declare 'static' if the variable is not intended to be used outside of this translation unit
volatile        int  finish_load_map = 0; // raise if map successfully loaded
                ^
main.c(72): warning: no previous extern declaration for non-static variable 'map_loading' [-Wmissing-variable-declarations]
volatile        int  map_loading = 0; // enable/disable map-loading function
                     ^
main.c(72): note: declare 'static' if the variable is not intended to be used outside of this translation unit
volatile        int  map_loading = 0; // enable/disable map-loading function
                ^
main.c(75): warning: no previous extern declaration for non-static variable 'digit' [-Wmissing-variable-declarations]
volatile int digit[4] = {0,0,0,0}; // store values shown in 7-segment LEDs
             ^
main.c(75): note: declare 'static' if the variable is not intended to be used outside of this translation unit
volatile int digit[4] = {0,0,0,0}; // store values shown in 7-segment LEDs
         ^
main.c(76): warning: no previous extern declaration for non-static variable 'current_digit' [-Wmissing-variable-declarations]
volatile int current_digit = 0; // for multiplexing
             ^
main.c(76): note: declare 'static' if the variable is not intended to be used outside of this translation unit
volatile int current_digit = 0; // for multiplexing
         ^
main.c(79): warning: no previous extern declaration for non-static variable 'EINT1_flag' [-Wmissing-variable-declarations]
volatile int EINT1_flag = 0; // flag raise if GP15 is triggered
             ^
main.c(79): note: declare 'static' if the variable is not intended to be used outside of this translation unit
volatile int EINT1_flag = 0; // flag raise if GP15 is triggered
         ^
main.c(82): warning: no previous extern declaration for non-static variable 'input_location' [-Wmissing-variable-declarations]
volatile int input_location = 0; // value from keyboard
             ^
main.c(82): note: declare 'static' if the variable is not intended to be used outside of this translation unit
volatile int input_location = 0; // value from keyboard
         ^
main.c(83): warning: no previous extern declaration for non-static variable 'change_axis' [-Wmissing-variable-declarations]
volatile int change_axis = 0;    // switch from set x to set y or vice versa
             ^
main.c(83): note: declare 'static' if the variable is not intended to be used outside of this translation unit
volatile int change_axis = 0;    // switch from set x to set y or vice versa
         ^
main.c(84): warning: no previous extern declaration for non-static variable 'key_pressed' [-Wmissing-variable-declarations]
volatile int key_pressed = 0;            //  flag raise if a key is triggered => only capture input value 1 time after a key is trigger
             ^
main.c(84): note: declare 'static' if the variable is not intended to be used outside of this translation unit
volatile int key_pressed = 0;            //  flag raise if a key is triggered => only capture input value 1 time after a key is trigger
         ^
main.c(139): warning: implicit conversion changes signedness: 'int' to 'unsigned int' [-Wsign-conversion]
        PA->DOUT &= ~(1<<3);
                 ~~ ^~~~~~~
main.c(140): warning: implicit conversion changes signedness: 'int' to 'unsigned int' [-Wsign-conversion]
        PA->DOUT &= ~(1<<4);
                 ~~ ^~~~~~~
main.c(141): warning: implicit conversion changes signedness: 'int' to 'unsigned int' [-Wsign-conversion]
        PA->DOUT &= ~(1<<5);
                 ~~ ^~~~~~~
main.c(194): warning: passing 'volatile char [8][9]' to parameter of type 'char (*)[9]' discards qualifiers [-Wincompatible-pointer-types-discards-qualifiers]
                                update_map(map);
                                           ^~~
main.c(61): note: passing argument to parameter 'map' here
void update_map(char map[][9]);
                     ^
main.c(217): warning: passing 'volatile char [8][9]' to parameter of type 'char (*)[9]' discards qualifiers [-Wincompatible-pointer-types-discards-qualifiers]
                                update_map(map);
                                           ^~~
main.c(61): note: passing argument to parameter 'map' here
void update_map(char map[][9]);
                     ^
main.c(237): warning: passing 'volatile char [8][9]' to parameter of type 'char (*)[9]' discards qualifiers [-Wincompatible-pointer-types-discards-qualifiers]
                                        update_map(map); // update map
                                                   ^~~
main.c(61): note: passing argument to parameter 'map' here
void update_map(char map[][9]);
                     ^
main.c(287): warning: passing 'volatile char [8][9]' to parameter of type 'char (*)[9]' discards qualifiers [-Wincompatible-pointer-types-discards-qualifiers]
                                reload(map);
                                       ^~~
main.c(62): note: passing argument to parameter 'map' here
void reload(char map[][9]);
                 ^
main.c(290): warning: default label in switch which covers all enumeration values [-Wcovered-switch-default]
                default: break;
                ^
main.c(327): warning: implicit conversion changes signedness: 'int' to 'unsigned int' [-Wsign-conversion]
        CLK->PLLCON &= ~(1 << 19); //0: PLL input is HXT
                    ~~ ^~~~~~~~~~
main.c(328): warning: implicit conversion changes signedness: 'int' to 'unsigned int' [-Wsign-conversion]
        CLK->PLLCON &= ~(1 << 16); //PLL in normal mode
                    ~~ ^~~~~~~~~~
main.c(329): warning: implicit conversion changes signedness: 'int' to 'unsigned int' [-Wsign-conversion]
        CLK->PLLCON &= (~(0x01FF << 0));
                    ~~  ^~~~~~~~~~~~~~
main.c(331): warning: implicit conversion changes signedness: 'int' to 'unsigned int' [-Wsign-conversion]
        CLK->PLLCON &= ~(1 << 18); //0: enable PLLOUT
                    ~~ ^~~~~~~~~~
main.c(337): warning: implicit conversion changes signedness: 'int' to 'unsigned int' [-Wsign-conversion]
        CLK->CLKSEL0 &= (~(0x07 << 0));
                     ~~  ^~~~~~~~~~~~
main.c(340): warning: implicit conversion changes signedness: 'int' to 'unsigned int' [-Wsign-conversion]
        CLK->CLKDIV &= (~0x0F << 0);
                    ~~  ~~~~~~^~~~
main.c(340): warning: shifting a negative signed value is undefined [-Wshift-negative-value]
        CLK->CLKDIV &= (~0x0F << 0);
                        ~~~~~ ^
main.c(357): warning: binary integer literals are a GNU extension [-Wgnu-binary-literal]
        CLK->CLKSEL1 |= (0b11 << 24); // UART0 clock source is 22.1184 MHz
                         ^
main.c(358): warning: implicit conversion changes signedness: 'int' to 'unsigned int' [-Wsign-conversion]
        CLK->CLKDIV &= ~(0xF << 8); // clock divider is 1
                    ~~ ^~~~~~~~~~~
main.c(362): warning: binary integer literals are a GNU extension [-Wgnu-binary-literal]
        PB->PMD &= ~(0b11 << 2);
                     ^
main.c(362): warning: implicit conversion changes signedness: 'int' to 'unsigned int' [-Wsign-conversion]
        PB->PMD &= ~(0b11 << 2);
                ~~ ^~~~~~~~~~~~
main.c(363): warning: binary integer literals are a GNU extension [-Wgnu-binary-literal]
        PB->PMD |= (0b01 << 2); // PB.1 is output pin
                    ^
main.c(367): warning: binary integer literals are a GNU extension [-Wgnu-binary-literal]
        PB->PMD &= ~(0b11 << 0);        // Set Pin Mode for GPB.0(RX - Input)
                     ^
main.c(367): warning: implicit conversion changes signedness: 'int' to 'unsigned int' [-Wsign-conversion]
        PB->PMD &= ~(0b11 << 0);        // Set Pin Mode for GPB.0(RX - Input)
                ~~ ^~~~~~~~~~~~
main.c(370): warning: binary integer literals are a GNU extension [-Wgnu-binary-literal]
        UART0->LCR |= (0b11 << 0); // 8 data bit
                       ^
main.c(371): warning: implicit conversion changes signedness: 'int' to 'unsigned int' [-Wsign-conversion]
        UART0->LCR &= ~(1 << 2); // one stop bit        
                   ~~ ^~~~~~~~~
main.c(372): warning: implicit conversion changes signedness: 'int' to 'unsigned int' [-Wsign-conversion]
        UART0->LCR &= ~(1 << 3); // no parity bit
                   ~~ ^~~~~~~~~
main.c(375): warning: implicit conversion changes signedness: 'int' to 'unsigned int' [-Wsign-conversion]
        UART0->FCR &= ~(0xF << 16); // FIFO Trigger Level is 1 byte]
                   ~~ ^~~~~~~~~~~~
main.c(379): warning: binary integer literals are a GNU extension [-Wgnu-binary-literal]
        UART0->BAUD &= ~(0b11 << 28); // mode 0 
                         ^
main.c(379): warning: implicit conversion changes signedness: 'int' to 'unsigned int' [-Wsign-conversion]
        UART0->BAUD &= ~(0b11 << 28); // mode 0 
                    ~~ ^~~~~~~~~~~~~
main.c(380): warning: implicit conversion changes signedness: 'int' to 'unsigned int' [-Wsign-conversion]
        UART0->BAUD &= ~(0xFFFF << 0);
                    ~~ ^~~~~~~~~~~~~~
main.c(389): warning: implicit conversion changes signedness: 'int' to 'unsigned int' [-Wsign-conversion]
        NVIC->IP[3] &= (~(3 << 6)); // Set priority
                    ~~  ^~~~~~~~~
main.c(438): warning: implicit conversion changes signedness: 'int' to 'unsigned int' [-Wsign-conversion]
        SPI3->SSR &= ~(1 << 0);
                  ~~ ^~~~~~~~~
main.c(447): warning: implicit conversion changes signedness: 'int' to 'unsigned int' [-Wsign-conversion]
        SPI3->SSR &= ~(1 << 0);
                  ~~ ^~~~~~~~~
main.c(463): warning: '&' within '|' [-Wbitwise-op-parentheses]
        LCD_command(0x10 | (ColumnAddr >> 4) & 0xF);
                         ~ ~~~~~~~~~~~~~~~~~~^~~~~
main.c(463): note: place parentheses around the '&' expression to silence this warning
        LCD_command(0x10 | (ColumnAddr >> 4) & 0xF);
                                             ^
                           (                      )
main.c(475): warning: implicit conversion changes signedness: 'int' to 'unsigned int' [-Wsign-conversion]
        SPI3->CNTRL &= ~(1 << 23); //0: disable variable clock feature
                    ~~ ^~~~~~~~~~
main.c(476): warning: implicit conversion changes signedness: 'int' to 'unsigned int' [-Wsign-conversion]
        SPI3->CNTRL &= ~(1 << 22); //0: disable two bits transfer mode
                    ~~ ^~~~~~~~~~
main.c(477): warning: implicit conversion changes signedness: 'int' to 'unsigned int' [-Wsign-conversion]
        SPI3->CNTRL &= ~(1 << 18); //0: select Master mode
                    ~~ ^~~~~~~~~~
main.c(478): warning: implicit conversion changes signedness: 'int' to 'unsigned int' [-Wsign-conversion]
        SPI3->CNTRL &= ~(1 << 17); //0: disable SPI interrupt    
                    ~~ ^~~~~~~~~~
main.c(480): warning: implicit conversion changes signedness: 'int' to 'unsigned int' [-Wsign-conversion]
        SPI3->CNTRL &= ~(1 << 10); //0: MSB is sent first   
                    ~~ ^~~~~~~~~~
main.c(481): warning: implicit conversion changes signedness: 'int' to 'unsigned int' [-Wsign-conversion]
        SPI3->CNTRL &= ~(3 << 8); //00: one transmit/receive word will be executed in one data transfer
                    ~~ ^~~~~~~~~
main.c(483): warning: implicit conversion changes signedness: 'int' to 'unsigned int' [-Wsign-conversion]
        SPI3->CNTRL &= ~(31 << 3); //Transmit/Receive bit length
                    ~~ ^~~~~~~~~~
main.c(500): warning: implicit conversion changes signedness: 'int' to 'unsigned int' [-Wsign-conversion]
                PC->PMD &= ~(0x02 << 24);
                        ~~ ^~~~~~~~~~~~~
main.c(503): warning: implicit conversion changes signedness: 'int' to 'unsigned int' [-Wsign-conversion]
          PC->PMD &= ~(0x02 << 26);
                  ~~ ^~~~~~~~~~~~~
main.c(506): warning: implicit conversion changes signedness: 'int' to 'unsigned int' [-Wsign-conversion]
                PC->PMD &= ~(0x02 << 28);
                        ~~ ^~~~~~~~~~~~~
main.c(509): warning: signed shift result (0x80000000) sets the sign bit of the shift expression's type ('int') and becomes negative [-Wshift-sign-overflow]
          PC->PMD &= ~(0x02 << 30);
                       ~~~~ ^  ~~
main.c(531): warning: implicit conversion changes signedness: 'int' to 'unsigned int' [-Wsign-conversion]
                PB->PMD &= ~(0x02 << 22);
                        ~~ ^~~~~~~~~~~~~
main.c(562): warning: implicit conversion changes signedness: 'int' to 'unsigned int' [-Wsign-conversion]
  PC->PMD &= (~(0xFF<< 8));              //clear PMD[15:8] 
          ~~  ^~~~~~~~~~~
main.c(563): warning: binary integer literals are a GNU extension [-Wgnu-binary-literal]
  PC->PMD |= (0b01010101 << 8);//Set output push-pull for PC4 to PC7
              ^
main.c(566): warning: implicit conversion changes signedness: 'int' to 'unsigned int' [-Wsign-conversion]
        PE->PMD &= (~(0xFFFF<< 0));                 //clear PMD[15:0] 
                ~~  ^~~~~~~~~~~~~
main.c(567): warning: binary integer literals are a GNU extension [-Wgnu-binary-literal]
        PE->PMD |= 0b0101010101010101<<0; //Set output push-pull for PE0 to PE7
                   ^
main.c(575): warning: declaration shadows a variable in the global scope [-Wshadow]
void display_LED(int num, int digit)
                              ^
main.c(75): note: previous declaration is here
volatile int digit[4] = {0,0,0,0}; // store values shown in 7-segment LEDs
             ^
main.c(634): warning: binary integer literals are a GNU extension [-Wgnu-binary-literal]
        CLK->CLKSEL1 &= ~(0b111 << 20);
                          ^
main.c(634): warning: implicit conversion changes signedness: 'int' to 'unsigned int' [-Wsign-conversion]
        CLK->CLKSEL1 &= ~(0b111 << 20);
                     ~~ ^~~~~~~~~~~~~~
main.c(642): warning: implicit conversion changes signedness: 'int' to 'unsigned int' [-Wsign-conversion]
        TIMER3->TCSR &= ~(0xFF << 0);
                     ~~ ^~~~~~~~~~~~
main.c(645): warning: binary integer literals are a GNU extension [-Wgnu-binary-literal]
        TIMER3->TCSR &= ~(0b11 << 27); 
                          ^
main.c(645): warning: implicit conversion changes signedness: 'int' to 'unsigned int' [-Wsign-conversion]
        TIMER3->TCSR &= ~(0b11 << 27); 
                     ~~ ^~~~~~~~~~~~~
main.c(646): warning: binary integer literals are a GNU extension [-Wgnu-binary-literal]
        TIMER3->TCSR |= (0b01 << 27);  //  01 = Periodic mode
                         ^
main.c(647): warning: implicit conversion changes signedness: 'int' to 'unsigned int' [-Wsign-conversion]
        TIMER3->TCSR &= ~(1 << 24);    // Disable counter mode
                     ~~ ^~~~~~~~~~
main.c(653): warning: implicit conversion changes signedness: 'int' to 'uint32_t' (aka 'unsigned int') [-Wsign-conversion]
        TIMER3->TCMPR = count_value;
                      ~ ^~~~~~~~~~~
main.c(658): warning: signed shift result (0xC0000000) sets the sign bit of the shift expression's type ('int') and becomes negative [-Wshift-sign-overflow]
        NVIC->IP[2] &= (~(3 << 30)); // Set priority
                          ~ ^  ~~
main.c(688): warning: signed shift result (0xC0000000) sets the sign bit of the shift expression's type ('int') and becomes negative [-Wshift-sign-overflow]
        PB->PMD &= (~(0x03 << 30)); // Set input mode
                      ~~~~ ^  ~~
main.c(689): warning: implicit conversion changes signedness: 'int' to 'unsigned int' [-Wsign-conversion]
        PB->IMD &= (~(1 << 15)); // Choose edge trigger = 0 or level trigger = 1
                ~~  ^~~~~~~~~~
main.c(693): warning: signed shift result (0xC0000000) sets the sign bit of the shift expression's type ('int') and becomes negative [-Wshift-sign-overflow]
        NVIC->IP[0] &= (~(3 << 30)); // Set priority
                          ~ ^  ~~
main.c(701): warning: implicit conversion changes signedness: 'int' to 'unsigned int' [-Wsign-conversion]
        GPIO->DBNCECON &= ~(0xF << 0); // Clear Clock selection bits 
                       ~~ ^~~~~~~~~~~
main.c(725): warning: binary integer literals are a GNU extension [-Wgnu-binary-literal]
        PA->PMD &= (~(0b11<< 6));
                      ^
main.c(725): warning: implicit conversion changes signedness: 'int' to 'unsigned int' [-Wsign-conversion]
        PA->PMD &= (~(0b11<< 6));
                ~~  ^~~~~~~~~~~
main.c(726): warning: binary integer literals are a GNU extension [-Wgnu-binary-literal]
  PA->PMD |= (0b01 << 6);    
              ^
main.c(727): warning: binary integer literals are a GNU extension [-Wgnu-binary-literal]
        PA->PMD &= (~(0b11<< 8));
                      ^
main.c(727): warning: implicit conversion changes signedness: 'int' to 'unsigned int' [-Wsign-conversion]
        PA->PMD &= (~(0b11<< 8));
                ~~  ^~~~~~~~~~~
main.c(728): warning: binary integer literals are a GNU extension [-Wgnu-binary-literal]
  PA->PMD |= (0b01 << 8);               
              ^
main.c(729): warning: binary integer literals are a GNU extension [-Wgnu-binary-literal]
        PA->PMD &= (~(0b11<< 10));
                      ^
main.c(729): warning: implicit conversion changes signedness: 'int' to 'unsigned int' [-Wsign-conversion]
        PA->PMD &= (~(0b11<< 10));
                ~~  ^~~~~~~~~~~~
main.c(730): warning: binary integer literals are a GNU extension [-Wgnu-binary-literal]
  PA->PMD |= (0b01 << 10);  
              ^
main.c(736): warning: implicit conversion changes signedness: 'int' to 'unsigned int' [-Wsign-conversion]
        PA->IMD &= (~(1 << 0));
                ~~  ^~~~~~~~~
main.c(739): warning: implicit conversion changes signedness: 'int' to 'unsigned int' [-Wsign-conversion]
        PA->IMD &= (~(1 << 1));
                ~~  ^~~~~~~~~
main.c(742): warning: implicit conversion changes signedness: 'int' to 'unsigned int' [-Wsign-conversion]
        PA->IMD &= (~(1 << 2));
                ~~  ^~~~~~~~~
main.c(747): warning: implicit conversion changes signedness: 'int' to 'unsigned int' [-Wsign-conversion]
        NVIC->IP[1] &= (~(3 << 6)); // Set priority
                    ~~  ^~~~~~~~~
main.c(758): warning: implicit conversion changes signedness: 'int' to 'unsigned int' [-Wsign-conversion]
        GPIO->DBNCECON &= ~(0xF << 0); // Clear Clock selection bits 
                       ~~ ^~~~~~~~~~~
main.c(770): warning: implicit conversion changes signedness: 'int' to 'unsigned int' [-Wsign-conversion]
                                PA->DOUT &= ~(1<<3);
                                         ~~ ^~~~~~~
main.c(784): warning: implicit conversion changes signedness: 'int' to 'unsigned int' [-Wsign-conversion]
                                        PA->DOUT &= ~(1<<4);
                                                 ~~ ^~~~~~~
main.c(797): warning: implicit conversion changes signedness: 'int' to 'unsigned int' [-Wsign-conversion]
                                                PA->DOUT &= ~(1<<5);    
                                                         ~~ ^~~~~~~
main.c(813): warning: implicit conversion changes signedness: 'int' to 'unsigned int' [-Wsign-conversion]
                                PA->DOUT &= ~(1<<3);
                                         ~~ ^~~~~~~
main.c(826): warning: implicit conversion changes signedness: 'int' to 'unsigned int' [-Wsign-conversion]
                                                PA->DOUT &= ~(1<<4);
                                                         ~~ ^~~~~~~
main.c(839): warning: implicit conversion changes signedness: 'int' to 'unsigned int' [-Wsign-conversion]
                                                        PA->DOUT &= ~(1<<5);
                                                                 ~~ ^~~~~~~
main.c(853): warning: implicit conversion changes signedness: 'int' to 'unsigned int' [-Wsign-conversion]
                                PA->DOUT &= ~(1<<3);
                                         ~~ ^~~~~~~
main.c(866): warning: implicit conversion changes signedness: 'int' to 'unsigned int' [-Wsign-conversion]
                                        PA->DOUT &= ~(1<<4);
                                                 ~~ ^~~~~~~
main.c(879): warning: implicit conversion changes signedness: 'int' to 'unsigned int' [-Wsign-conversion]
                                                PA->DOUT &= ~(1<<5);            
                                                         ~~ ^~~~~~~
main.c(893): warning: implicit conversion changes signedness: 'int' to 'unsigned int' [-Wsign-conversion]
                        PA->DOUT &= ~(1<<3);
                                 ~~ ^~~~~~~
main.c(894): warning: implicit conversion changes signedness: 'int' to 'unsigned int' [-Wsign-conversion]
                        PA->DOUT &= ~(1<<4);
                                 ~~ ^~~~~~~
main.c(895): warning: implicit conversion changes signedness: 'int' to 'unsigned int' [-Wsign-conversion]
                        PA->DOUT &= ~(1<<5);
                                 ~~ ^~~~~~~
main.c(906): warning: declaration shadows a variable in the global scope [-Wshadow]
void update_map(char map[][9]){
                     ^
main.c(69): note: previous declaration is here
volatile        char map[8][9]; // store map
                     ^
main.c(912): warning: implicit conversion loses integer precision: 'int' to 'int16_t' (aka 'short') [-Wimplicit-int-conversion]
                                                printC_5x7(25 + j*10, 7 + i*7,'X');
                                                ~~~~~~~~~~ ~~~^~~~~~
main.c(912): warning: implicit conversion loses integer precision: 'int' to 'int16_t' (aka 'short') [-Wimplicit-int-conversion]
                                                printC_5x7(25 + j*10, 7 + i*7,'X');
                                                ~~~~~~~~~~            ~~^~~~~
main.c(917): warning: implicit conversion loses integer precision: 'int' to 'int16_t' (aka 'short') [-Wimplicit-int-conversion]
                                        printC_5x7(25 + j*10, 7 + i*7,'-');
                                        ~~~~~~~~~~ ~~~^~~~~~
main.c(917): warning: implicit conversion loses integer precision: 'int' to 'int16_t' (aka 'short') [-Wimplicit-int-conversion]
                                        printC_5x7(25 + j*10, 7 + i*7,'-');
                                        ~~~~~~~~~~            ~~^~~~~
main.c(924): warning: declaration shadows a variable in the global scope [-Wshadow]
void reload(char map[][9]){
                 ^
main.c(69): note: previous declaration is here
volatile        char map[8][9]; // store map
                     ^
main.c(69): warning: no previous extern declaration for non-static variable 'map' [-Wmissing-variable-declarations]
volatile        char map[8][9]; // store map
                     ^
main.c(69): note: declare 'static' if the variable is not intended to be used outside of this translation unit
volatile        char map[8][9]; // store map
                ^
134 warnings generated.
compiling main.c...
linking...
Program Size: Code=4446 RO-data=718 RW-data=1564 ZI-data=1248  
".\Objects\exercise3.axf" - 0 Error(s), 134 Warning(s).

<h2>Software Packages used:</h2>

Package Vendor: Nuvoton
                https://github.com/OpenNuvoton/cmsis-packs/raw/master/Nuvoton_DFP/Nuvoton.NuMicro_DFP.1.3.16.pack
                Nuvoton.NuMicro_DFP.1.3.16
                Nuvoton ARM Cortex-M NuMicro Family Device Support

<h2>Collection of Component include folders:</h2>
  .\RTE\_Target_1
  C:\Keil_v5\Packs\Nuvoton\NuMicro_DFP\1.3.16\Device\NUC100\Include

<h2>Collection of Component Files used:</h2>
Build Time Elapsed:  00:00:02
</pre>
</body>
</html>
